thang@juniortdt MINGW64 /d/Bài tập nhóm
$ git clone https://github.com/juniorDev-thang/project_Nhom_13.git
Cloning into 'project_Nhom_13'...
remote: Enumerating objects: 3, done.
remote: Counting objects: 100% (3/3), done.
remote: Total 3 (delta 0), reused 0 (delta 0), pack-reused 0 (from 0)
Receiving objects: 100% (3/3), done.

thang@juniortdt MINGW64 /d/Bài tập nhóm
$ cd project_Nhom_13

thang@juniortdt MINGW64 /d/Bài tập nhóm/project_Nhom_13 (main)
$ mkdir 13_13_DHKL19A3HN

thang@juniortdt MINGW64 /d/Bài tập nhóm/project_Nhom_13 (main)
$ cd 13_13_DHKL19A3HN

thang@juniortdt MINGW64 /d/Bài tập nhóm/project_Nhom_13/13_13_DHKL19A3HN (main)
$ touch cau_1.py

thang@juniortdt MINGW64 /d/Bài tập nhóm/project_Nhom_13/13_13_DHKL19A3HN (main)
$ touh cau_2.py
bash: touh: command not found

thang@juniortdt MINGW64 /d/Bài tập nhóm/project_Nhom_13/13_13_DHKL19A3HN (main)
$ touch cau_2.py

thang@juniortdt MINGW64 /d/Bài tập nhóm/project_Nhom_13/13_13_DHKL19A3HN (main)
$ touch BangPhanCongCongViec.docx

thang@juniortdt MINGW64 /d/Bài tập nhóm/project_Nhom_13/13_13_DHKL19A3HN (main)
$ mkdir libs

thang@juniortdt MINGW64 /d/Bài tập nhóm/project_Nhom_13/13_13_DHKL19A3HN (main)
$ mkdir files

thang@juniortdt MINGW64 /d/Bài tập nhóm/project_Nhom_13/13_13_DHKL19A3HN (main)
$ cd libs

thang@juniortdt MINGW64 /d/Bài tập nhóm/project_Nhom_13/13_13_DHKL19A3HN/libs (main)
$ touch __init__.py

thang@juniortdt MINGW64 /d/Bài tập nhóm/project_Nhom_13/13_13_DHKL19A3HN/libs (main)
$ touch thuvien_karaoke.py

thang@juniortdt MINGW64 /d/Bài tập nhóm/project_Nhom_13/13_13_DHKL19A3HN/libs (main)
$ cd ..

thang@juniortdt MINGW64 /d/Bài tập nhóm/project_Nhom_13/13_13_DHKL19A3HN (main)
$ cd files

thang@juniortdt MINGW64 /d/Bài tập nhóm/project_Nhom_13/13_13_DHKL19A3HN/files (main)
$ touch ds_hoadon.csv

thang@juniortdt MINGW64 /d/Bài tập nhóm/project_Nhom_13/13_13_DHKL19A3HN/files (main)
$ cd ..

thang@juniortdt MINGW64 /d/Bài tập nhóm/project_Nhom_13/13_13_DHKL19A3HN (main)
$ touch lichsulamtrengit.txt

thang@juniortdt MINGW64 /d/Bài tập nhóm/project_Nhom_13/13_13_DHKL19A3HN (main)
thang@juniortdt MINGW64 /d/Bài tập nhóm/project_Nhom_13/13_13_DHKL19A3HN (main)
$ git add .

thang@juniortdt MINGW64 /d/Bài tập nhóm/project_Nhom_13/13_13_DHKL19A3HN (main)
$ git commit -m "tao tree bai lam"
[main da39fa9] tao tree bai lam
 7 files changed, 61 insertions(+)
 create mode 100644 13_13_DHKL19A3HN/BangPhanCongCongViec.docx
 create mode 100644 13_13_DHKL19A3HN/cau_1.py
 create mode 100644 13_13_DHKL19A3HN/cau_2.py
 create mode 100644 13_13_DHKL19A3HN/files/ds_hoadon.csv
 create mode 100644 13_13_DHKL19A3HN/libs/__init__.py
 create mode 100644 13_13_DHKL19A3HN/libs/thuvien_karaoke.py
 create mode 100644 13_13_DHKL19A3HN/lichsulamtrengit.txt

thang@juniortdt MINGW64 /d/Bài tập nhóm/project_Nhom_13/13_13_DHKL19A3HN (main)
$ git push origin main
Enumerating objects: 8, done.
Counting objects: 100% (8/8), done.
Delta compression using up to 8 threads
Compressing objects: 100% (5/5), done.
Writing objects: 100% (7/7), 1.03 KiB | 526.00 KiB/s, done.
Total 7 (delta 0), reused 0 (delta 0), pack-reused 0 (from 0)
To https://github.com/juniorDev-thang/project_Nhom_13.git
   0571a9f..da39fa9  main -> main

thang@juniortdt MINGW64 /d/Bài tập nhóm/project_Nhom_13/13_13_DHKL19A3HN (main)
$ git pull
Already up to date.

thang@juniortdt MINGW64 /d/Bài tập nhóm/project_Nhom_13/13_13_DHKL19A3HN (main)

thang@juniortdt MINGW64 /d/Bài tập nhóm/project_Nhom_13/13_13_DHKL19A3HN (main)
$ git pull
Already up to date.

thang@juniortdt MINGW64 /d/Bài tập nhóm/project_Nhom_13/13_13_DHKL19A3HN (main)
$ git checkout -b NhomTruong
Switched to a new branch 'NhomTruong'

thang@juniortdt MINGW64 /d/Bài tập nhóm/project_Nhom_13/13_13_DHKL19A3HN (NhomTruong)
$ git checkout main
Switched to branch 'main'
Your branch is up to date with 'origin/main'.

thang@juniortdt MINGW64 /d/Bài tập nhóm/project_Nhom_13/13_13_DHKL19A3HN (main)
$ git checkout -b Nhi
Switched to a new branch 'Nhi'

thang@juniortdt MINGW64 /d/Bài tập nhóm/project_Nhom_13/13_13_DHKL19A3HN (Nhi)
$ git checkout main
Switched to branch 'main'
Your branch is up to date with 'origin/main'.

thang@juniortdt MINGW64 /d/Bài tập nhóm/project_Nhom_13/13_13_DHKL19A3HN (main)
$ git checkout -b Vu
Switched to a new branch 'Vu'

thang@juniortdt MINGW64 /d/Bài tập nhóm/project_Nhom_13/13_13_DHKL19A3HN (Vu)
$ git checkout main
Switched to branch 'main'
Your branch is up to date with 'origin/main'.

thang@juniortdt MINGW64 /d/Bài tập nhóm/project_Nhom_13/13_13_DHKL19A3HN (main)
$ git checkout -b Yen
Switched to a new branch 'Yen'

thang@juniortdt MINGW64 /d/Bài tập nhóm/project_Nhom_13/13_13_DHKL19A3HN (Yen)
$ git checkout main
Switched to branch 'main'
Your branch is up to date with 'origin/main'.

thang@juniortdt MINGW64 /d/Bài tập nhóm/project_Nhom_13/13_13_DHKL19A3HN (main)
$ git checkout -b NgocAnh
Switched to a new branch 'NgocAnh'

thang@juniortdt MINGW64 /d/Bài tập nhóm/project_Nhom_13/13_13_DHKL19A3HN (NgocAnh)
$ git checkout main
Switched to branch 'main'
Your branch is up to date with 'origin/main'.

thang@juniortdt MINGW64 /d/Bài tập nhóm/project_Nhom_13/13_13_DHKL19A3HN (main)
$ git push origin main
Everything up-to-date

thang@juniortdt MINGW64 /d/Bài tập nhóm/project_Nhom_13/13_13_DHKL19A3HN (main)
$ git checkout NhomTruong
Switched to branch 'NhomTruong'

thang@juniortdt MINGW64 /d/Bài tập nhóm/project_Nhom_13/13_13_DHKL19A3HN (NhomTruong)
$ git push -u origin NhomTruong
Total 0 (delta 0), reused 0 (delta 0), pack-reused 0 (from 0)
remote:
remote: Create a pull request for 'NhomTruong' on GitHub by visiting:
remote:      https://github.com/juniorDev-thang/project_Nhom_13/pull/new/NhomTruong
remote:
To https://github.com/juniorDev-thang/project_Nhom_13.git
 * [new branch]      NhomTruong -> NhomTruong
branch 'NhomTruong' set up to track 'origin/NhomTruong'.

thang@juniortdt MINGW64 /d/Bài tập nhóm/project_Nhom_13/13_13_DHKL19A3HN (NhomTruong)
$ git checkout Vu
Switched to branch 'Vu'

thang@juniortdt MINGW64 /d/Bài tập nhóm/project_Nhom_13/13_13_DHKL19A3HN (Vu)
$ git checkout -u origin Vu
error: unknown switch `u'
usage: git checkout [<options>] <branch>
   or: git checkout [<options>] [<branch>] -- <file>...

    -b <branch>           create and checkout a new branch
    -B <branch>           create/reset and checkout a branch
    -l                    create reflog for new branch
    --[no-]guess          second guess 'git checkout <no-such-branch>' (default)
    --[no-]overlay        use overlay mode (default)
    -q, --[no-]quiet      suppress progress reporting
    --[no-]recurse-submodules[=<checkout>]
                          control recursive updating of submodules
    --[no-]progress       force progress reporting
    -m, --[no-]merge      perform a 3-way merge with the new branch
    --[no-]conflict <style>
                          conflict style (merge, diff3, or zdiff3)
    -d, --[no-]detach     detach HEAD at named commit
    -t, --[no-]track[=(direct|inherit)]
                          set branch tracking configuration
    -f, --[no-]force      force checkout (throw away local modifications)
    --[no-]orphan <new-branch>
                          new unborn branch
    --[no-]overwrite-ignore
                          update ignored files (default)
    --[no-]ignore-other-worktrees
                          do not check if another worktree is using this branch
    -2, --ours            checkout our version for unmerged files
    -3, --theirs          checkout their version for unmerged files
    -p, --[no-]patch      select hunks interactively
    -U, --unified <n>     generate diffs with <n> lines context
    --inter-hunk-context <n>
                          show context between diff hunks up to the specified number of lines
    --[no-]ignore-skip-worktree-bits
                          do not limit pathspecs to sparse entries only
    --[no-]pathspec-from-file <file>
                          read pathspec from file
    --[no-]pathspec-file-nul
                          with --pathspec-from-file, pathspec elements are separated with NUL character


thang@juniortdt MINGW64 /d/Bài tập nhóm/project_Nhom_13/13_13_DHKL19A3HN (Vu)
$ git push -u origin Vu
Total 0 (delta 0), reused 0 (delta 0), pack-reused 0 (from 0)
remote:
remote: Create a pull request for 'Vu' on GitHub by visiting:
remote:      https://github.com/juniorDev-thang/project_Nhom_13/pull/new/Vu
remote:
To https://github.com/juniorDev-thang/project_Nhom_13.git
 * [new branch]      Vu -> Vu
branch 'Vu' set up to track 'origin/Vu'.

thang@juniortdt MINGW64 /d/Bài tập nhóm/project_Nhom_13/13_13_DHKL19A3HN (Vu)
$ git checkout Nhi
Switched to branch 'Nhi'

thang@juniortdt MINGW64 /d/Bài tập nhóm/project_Nhom_13/13_13_DHKL19A3HN (Nhi)
$ git push -u origin Nhi
Total 0 (delta 0), reused 0 (delta 0), pack-reused 0 (from 0)
remote:
remote: Create a pull request for 'Nhi' on GitHub by visiting:
remote:      https://github.com/juniorDev-thang/project_Nhom_13/pull/new/Nhi
remote:
To https://github.com/juniorDev-thang/project_Nhom_13.git
 * [new branch]      Nhi -> Nhi
branch 'Nhi' set up to track 'origin/Nhi'.

thang@juniortdt MINGW64 /d/Bài tập nhóm/project_Nhom_13/13_13_DHKL19A3HN (Nhi)
$ git checkout Yen
Switched to branch 'Yen'

thang@juniortdt MINGW64 /d/Bài tập nhóm/project_Nhom_13/13_13_DHKL19A3HN (Yen)
$ git push -u origin Yen
Total 0 (delta 0), reused 0 (delta 0), pack-reused 0 (from 0)
remote:
remote: Create a pull request for 'Yen' on GitHub by visiting:
remote:      https://github.com/juniorDev-thang/project_Nhom_13/pull/new/Yen
remote:
To https://github.com/juniorDev-thang/project_Nhom_13.git
 * [new branch]      Yen -> Yen
branch 'Yen' set up to track 'origin/Yen'.

thang@juniortdt MINGW64 /d/Bài tập nhóm/project_Nhom_13/13_13_DHKL19A3HN (Yen)
$ git checkout NgocAnh
Switched to branch 'NgocAnh'

thang@juniortdt MINGW64 /d/Bài tập nhóm/project_Nhom_13/13_13_DHKL19A3HN (NgocAnh)
$ git push -u origin NgocAnh
Total 0 (delta 0), reused 0 (delta 0), pack-reused 0 (from 0)
remote:
remote: Create a pull request for 'NgocAnh' on GitHub by visiting:
remote:      https://github.com/juniorDev-thang/project_Nhom_13/pull/new/NgocAnh
remote:
To https://github.com/juniorDev-thang/project_Nhom_13.git
 * [new branch]      NgocAnh -> NgocAnh
branch 'NgocAnh' set up to track 'origin/NgocAnh'.

thang@juniortdt MINGW64 /d/Bài tập nhóm/project_Nhom_13/13_13_DHKL19A3HN (NgocAnh)
$ git checkout main
Switched to branch 'main'
Your branch is up to date with 'origin/main'.

thang@juniortdt MINGW64 /d/Bài tập nhóm/project_Nhom_13/13_13_DHKL19A3HN (main)
$ git pull
Already up to date.

thang@juniortdt MINGW64 /d/Bài tập nhóm/project_Nhom_13/13_13_DHKL19A3HN (main)
